
*****************************************
Setting OMP_NUM_THREADS environment variable for each process to be 1 in default, to avoid your system being overloaded, please further tune the variable for optimal performance in your application as needed. 
*****************************************
ERROR:albumentations.check_version:Error fetching version info
Traceback (most recent call last):
  File "/root/miniconda3/envs/mmseg/lib/python3.12/urllib/request.py", line 1344, in do_open
    h.request(req.get_method(), req.selector, req.data, headers,
  File "/root/miniconda3/envs/mmseg/lib/python3.12/http/client.py", line 1358, in request
    self._send_request(method, url, body, headers, encode_chunked)
  File "/root/miniconda3/envs/mmseg/lib/python3.12/http/client.py", line 1404, in _send_request
    self.endheaders(body, encode_chunked=encode_chunked)
  File "/root/miniconda3/envs/mmseg/lib/python3.12/http/client.py", line 1353, in endheaders
    self._send_output(message_body, encode_chunked=encode_chunked)
  File "/root/miniconda3/envs/mmseg/lib/python3.12/http/client.py", line 1113, in _send_output
    self.send(msg)
  File "/root/miniconda3/envs/mmseg/lib/python3.12/http/client.py", line 1057, in send
    self.connect()
  File "/root/miniconda3/envs/mmseg/lib/python3.12/http/client.py", line 1499, in connect
    self.sock = self._context.wrap_socket(self.sock,
                ^^^^^^^^^^^^^^^^^^^^^^^^^^^^^^^^^^^^
  File "/root/miniconda3/envs/mmseg/lib/python3.12/ssl.py", line 455, in wrap_socket
    return self.sslsocket_class._create(
           ^^^^^^^^^^^^^^^^^^^^^^^^^^^^^
  File "/root/miniconda3/envs/mmseg/lib/python3.12/ssl.py", line 1041, in _create
    self.do_handshake()
  File "/root/miniconda3/envs/mmseg/lib/python3.12/ssl.py", line 1319, in do_handshake
    self._sslobj.do_handshake()
ssl.SSLCertVerificationError: [SSL: CERTIFICATE_VERIFY_FAILED] certificate verify failed: unable to get local issuer certificate (_ssl.c:1010)

During handling of the above exception, another exception occurred:

Traceback (most recent call last):
  File "/root/miniconda3/envs/mmseg/lib/python3.12/site-packages/albumentations/check_version.py", line 29, in fetch_version_info
    with opener.open(url, timeout=2) as response:
         ^^^^^^^^^^^^^^^^^^^^^^^^^^^
  File "/root/miniconda3/envs/mmseg/lib/python3.12/urllib/request.py", line 515, in open
    response = self._open(req, data)
               ^^^^^^^^^^^^^^^^^^^^^
  File "/root/miniconda3/envs/mmseg/lib/python3.12/urllib/request.py", line 532, in _open
    result = self._call_chain(self.handle_open, protocol, protocol +
             ^^^^^^^^^^^^^^^^^^^^^^^^^^^^^^^^^^^^^^^^^^^^^^^^^^^^^^^
  File "/root/miniconda3/envs/mmseg/lib/python3.12/urllib/request.py", line 492, in _call_chain
    result = func(*args)
             ^^^^^^^^^^^
  File "/root/miniconda3/envs/mmseg/lib/python3.12/urllib/request.py", line 1392, in https_open
    return self.do_open(http.client.HTTPSConnection, req,
           ^^^^^^^^^^^^^^^^^^^^^^^^^^^^^^^^^^^^^^^^^^^^^^
  File "/root/miniconda3/envs/mmseg/lib/python3.12/urllib/request.py", line 1347, in do_open
    raise URLError(err)
urllib.error.URLError: <urlopen error [SSL: CERTIFICATE_VERIFY_FAILED] certificate verify failed: unable to get local issuer certificate (_ssl.c:1010)>
ERROR:albumentations.check_version:Error fetching version info
Traceback (most recent call last):
  File "/root/miniconda3/envs/mmseg/lib/python3.12/urllib/request.py", line 1344, in do_open
    h.request(req.get_method(), req.selector, req.data, headers,
  File "/root/miniconda3/envs/mmseg/lib/python3.12/http/client.py", line 1358, in request
    self._send_request(method, url, body, headers, encode_chunked)
  File "/root/miniconda3/envs/mmseg/lib/python3.12/http/client.py", line 1404, in _send_request
    self.endheaders(body, encode_chunked=encode_chunked)
  File "/root/miniconda3/envs/mmseg/lib/python3.12/http/client.py", line 1353, in endheaders
    self._send_output(message_body, encode_chunked=encode_chunked)
  File "/root/miniconda3/envs/mmseg/lib/python3.12/http/client.py", line 1113, in _send_output
    self.send(msg)
  File "/root/miniconda3/envs/mmseg/lib/python3.12/http/client.py", line 1057, in send
    self.connect()
  File "/root/miniconda3/envs/mmseg/lib/python3.12/http/client.py", line 1499, in connect
    self.sock = self._context.wrap_socket(self.sock,
                ^^^^^^^^^^^^^^^^^^^^^^^^^^^^^^^^^^^^
  File "/root/miniconda3/envs/mmseg/lib/python3.12/ssl.py", line 455, in wrap_socket
    return self.sslsocket_class._create(
           ^^^^^^^^^^^^^^^^^^^^^^^^^^^^^
  File "/root/miniconda3/envs/mmseg/lib/python3.12/ssl.py", line 1041, in _create
    self.do_handshake()
  File "/root/miniconda3/envs/mmseg/lib/python3.12/ssl.py", line 1319, in do_handshake
    self._sslobj.do_handshake()
ssl.SSLCertVerificationError: [SSL: CERTIFICATE_VERIFY_FAILED] certificate verify failed: unable to get local issuer certificate (_ssl.c:1010)

During handling of the above exception, another exception occurred:

Traceback (most recent call last):
  File "/root/miniconda3/envs/mmseg/lib/python3.12/site-packages/albumentations/check_version.py", line 29, in fetch_version_info
    with opener.open(url, timeout=2) as response:
         ^^^^^^^^^^^^^^^^^^^^^^^^^^^
  File "/root/miniconda3/envs/mmseg/lib/python3.12/urllib/request.py", line 515, in open
    response = self._open(req, data)
               ^^^^^^^^^^^^^^^^^^^^^
  File "/root/miniconda3/envs/mmseg/lib/python3.12/urllib/request.py", line 532, in _open
    result = self._call_chain(self.handle_open, protocol, protocol +
             ^^^^^^^^^^^^^^^^^^^^^^^^^^^^^^^^^^^^^^^^^^^^^^^^^^^^^^^
  File "/root/miniconda3/envs/mmseg/lib/python3.12/urllib/request.py", line 492, in _call_chain
    result = func(*args)
             ^^^^^^^^^^^
  File "/root/miniconda3/envs/mmseg/lib/python3.12/urllib/request.py", line 1392, in https_open
    return self.do_open(http.client.HTTPSConnection, req,
           ^^^^^^^^^^^^^^^^^^^^^^^^^^^^^^^^^^^^^^^^^^^^^^
  File "/root/miniconda3/envs/mmseg/lib/python3.12/urllib/request.py", line 1347, in do_open
    raise URLError(err)
urllib.error.URLError: <urlopen error [SSL: CERTIFICATE_VERIFY_FAILED] certificate verify failed: unable to get local issuer certificate (_ssl.c:1010)>
ERROR:albumentations.check_version:Error fetching version info
Traceback (most recent call last):
  File "/root/miniconda3/envs/mmseg/lib/python3.12/urllib/request.py", line 1344, in do_open
    h.request(req.get_method(), req.selector, req.data, headers,
  File "/root/miniconda3/envs/mmseg/lib/python3.12/http/client.py", line 1358, in request
    self._send_request(method, url, body, headers, encode_chunked)
  File "/root/miniconda3/envs/mmseg/lib/python3.12/http/client.py", line 1404, in _send_request
    self.endheaders(body, encode_chunked=encode_chunked)
  File "/root/miniconda3/envs/mmseg/lib/python3.12/http/client.py", line 1353, in endheaders
    self._send_output(message_body, encode_chunked=encode_chunked)
  File "/root/miniconda3/envs/mmseg/lib/python3.12/http/client.py", line 1113, in _send_output
    self.send(msg)
  File "/root/miniconda3/envs/mmseg/lib/python3.12/http/client.py", line 1057, in send
    self.connect()
  File "/root/miniconda3/envs/mmseg/lib/python3.12/http/client.py", line 1499, in connect
    self.sock = self._context.wrap_socket(self.sock,
                ^^^^^^^^^^^^^^^^^^^^^^^^^^^^^^^^^^^^
  File "/root/miniconda3/envs/mmseg/lib/python3.12/ssl.py", line 455, in wrap_socket
    return self.sslsocket_class._create(
           ^^^^^^^^^^^^^^^^^^^^^^^^^^^^^
  File "/root/miniconda3/envs/mmseg/lib/python3.12/ssl.py", line 1041, in _create
    self.do_handshake()
  File "/root/miniconda3/envs/mmseg/lib/python3.12/ssl.py", line 1319, in do_handshake
    self._sslobj.do_handshake()
ssl.SSLCertVerificationError: [SSL: CERTIFICATE_VERIFY_FAILED] certificate verify failed: unable to get local issuer certificate (_ssl.c:1010)

During handling of the above exception, another exception occurred:

Traceback (most recent call last):
  File "/root/miniconda3/envs/mmseg/lib/python3.12/site-packages/albumentations/check_version.py", line 29, in fetch_version_info
    with opener.open(url, timeout=2) as response:
         ^^^^^^^^^^^^^^^^^^^^^^^^^^^
  File "/root/miniconda3/envs/mmseg/lib/python3.12/urllib/request.py", line 515, in open
    response = self._open(req, data)
               ^^^^^^^^^^^^^^^^^^^^^
  File "/root/miniconda3/envs/mmseg/lib/python3.12/urllib/request.py", line 532, in _open
    result = self._call_chain(self.handle_open, protocol, protocol +
             ^^^^^^^^^^^^^^^^^^^^^^^^^^^^^^^^^^^^^^^^^^^^^^^^^^^^^^^
  File "/root/miniconda3/envs/mmseg/lib/python3.12/urllib/request.py", line 492, in _call_chain
    result = func(*args)
             ^^^^^^^^^^^
  File "/root/miniconda3/envs/mmseg/lib/python3.12/urllib/request.py", line 1392, in https_open
    return self.do_open(http.client.HTTPSConnection, req,
           ^^^^^^^^^^^^^^^^^^^^^^^^^^^^^^^^^^^^^^^^^^^^^^
  File "/root/miniconda3/envs/mmseg/lib/python3.12/urllib/request.py", line 1347, in do_open
    raise URLError(err)
urllib.error.URLError: <urlopen error [SSL: CERTIFICATE_VERIFY_FAILED] certificate verify failed: unable to get local issuer certificate (_ssl.c:1010)>
ERROR:albumentations.check_version:Error fetching version info
Traceback (most recent call last):
  File "/root/miniconda3/envs/mmseg/lib/python3.12/urllib/request.py", line 1344, in do_open
    h.request(req.get_method(), req.selector, req.data, headers,
  File "/root/miniconda3/envs/mmseg/lib/python3.12/http/client.py", line 1358, in request
    self._send_request(method, url, body, headers, encode_chunked)
  File "/root/miniconda3/envs/mmseg/lib/python3.12/http/client.py", line 1404, in _send_request
    self.endheaders(body, encode_chunked=encode_chunked)
  File "/root/miniconda3/envs/mmseg/lib/python3.12/http/client.py", line 1353, in endheaders
    self._send_output(message_body, encode_chunked=encode_chunked)
  File "/root/miniconda3/envs/mmseg/lib/python3.12/http/client.py", line 1113, in _send_output
    self.send(msg)
  File "/root/miniconda3/envs/mmseg/lib/python3.12/http/client.py", line 1057, in send
    self.connect()
  File "/root/miniconda3/envs/mmseg/lib/python3.12/http/client.py", line 1499, in connect
    self.sock = self._context.wrap_socket(self.sock,
                ^^^^^^^^^^^^^^^^^^^^^^^^^^^^^^^^^^^^
  File "/root/miniconda3/envs/mmseg/lib/python3.12/ssl.py", line 455, in wrap_socket
    return self.sslsocket_class._create(
           ^^^^^^^^^^^^^^^^^^^^^^^^^^^^^
  File "/root/miniconda3/envs/mmseg/lib/python3.12/ssl.py", line 1041, in _create
    self.do_handshake()
  File "/root/miniconda3/envs/mmseg/lib/python3.12/ssl.py", line 1319, in do_handshake
    self._sslobj.do_handshake()
ssl.SSLCertVerificationError: [SSL: CERTIFICATE_VERIFY_FAILED] certificate verify failed: unable to get local issuer certificate (_ssl.c:1010)

During handling of the above exception, another exception occurred:

Traceback (most recent call last):
  File "/root/miniconda3/envs/mmseg/lib/python3.12/site-packages/albumentations/check_version.py", line 29, in fetch_version_info
    with opener.open(url, timeout=2) as response:
         ^^^^^^^^^^^^^^^^^^^^^^^^^^^
  File "/root/miniconda3/envs/mmseg/lib/python3.12/urllib/request.py", line 515, in open
    response = self._open(req, data)
               ^^^^^^^^^^^^^^^^^^^^^
  File "/root/miniconda3/envs/mmseg/lib/python3.12/urllib/request.py", line 532, in _open
    result = self._call_chain(self.handle_open, protocol, protocol +
             ^^^^^^^^^^^^^^^^^^^^^^^^^^^^^^^^^^^^^^^^^^^^^^^^^^^^^^^
  File "/root/miniconda3/envs/mmseg/lib/python3.12/urllib/request.py", line 492, in _call_chain
    result = func(*args)
             ^^^^^^^^^^^
  File "/root/miniconda3/envs/mmseg/lib/python3.12/urllib/request.py", line 1392, in https_open
    return self.do_open(http.client.HTTPSConnection, req,
           ^^^^^^^^^^^^^^^^^^^^^^^^^^^^^^^^^^^^^^^^^^^^^^
  File "/root/miniconda3/envs/mmseg/lib/python3.12/urllib/request.py", line 1347, in do_open
    raise URLError(err)
urllib.error.URLError: <urlopen error [SSL: CERTIFICATE_VERIFY_FAILED] certificate verify failed: unable to get local issuer certificate (_ssl.c:1010)>
/root/miniconda3/envs/mmseg/lib/python3.12/site-packages/mmengine/utils/dl_utils/setup_env.py:56: UserWarning: Setting MKL_NUM_THREADS environment variable for each process to be 1 in default, to avoid your system being overloaded, please further tune the variable for optimal performance in your application as needed.
  warnings.warn(
/root/miniconda3/envs/mmseg/lib/python3.12/site-packages/mmengine/utils/dl_utils/setup_env.py:56: UserWarning: Setting MKL_NUM_THREADS environment variable for each process to be 1 in default, to avoid your system being overloaded, please further tune the variable for optimal performance in your application as needed.
  warnings.warn(
/root/miniconda3/envs/mmseg/lib/python3.12/site-packages/mmengine/utils/dl_utils/setup_env.py:56: UserWarning: Setting MKL_NUM_THREADS environment variable for each process to be 1 in default, to avoid your system being overloaded, please further tune the variable for optimal performance in your application as needed.
  warnings.warn(
/root/miniconda3/envs/mmseg/lib/python3.12/site-packages/mmengine/utils/dl_utils/setup_env.py:56: UserWarning: Setting MKL_NUM_THREADS environment variable for each process to be 1 in default, to avoid your system being overloaded, please further tune the variable for optimal performance in your application as needed.
  warnings.warn(
ji-jupyter-158071753754042048-master-0:660577:660577 [0] NCCL INFO NCCL_SOCKET_IFNAME set by environment to eth0
ji-jupyter-158071753754042048-master-0:660577:660577 [0] NCCL INFO Bootstrap: Using eth0:172.20.8.165<0>
ji-jupyter-158071753754042048-master-0:660577:660577 [0] NCCL INFO cudaDriverVersion 12080
ji-jupyter-158071753754042048-master-0:660577:660577 [0] NCCL INFO NCCL version 2.26.2+cuda12.2
ji-jupyter-158071753754042048-master-0:660577:660577 [0] NCCL INFO Comm config Blocking set to 1
ji-jupyter-158071753754042048-master-0:660580:660580 [3] NCCL INFO cudaDriverVersion 12080
ji-jupyter-158071753754042048-master-0:660580:660580 [3] NCCL INFO NCCL_SOCKET_IFNAME set by environment to eth0
ji-jupyter-158071753754042048-master-0:660579:660579 [2] NCCL INFO cudaDriverVersion 12080
ji-jupyter-158071753754042048-master-0:660579:660579 [2] NCCL INFO NCCL_SOCKET_IFNAME set by environment to eth0
ji-jupyter-158071753754042048-master-0:660579:660579 [2] NCCL INFO Bootstrap: Using eth0:172.20.8.165<0>
ji-jupyter-158071753754042048-master-0:660580:660580 [3] NCCL INFO Bootstrap: Using eth0:172.20.8.165<0>
ji-jupyter-158071753754042048-master-0:660579:660579 [2] NCCL INFO NCCL version 2.26.2+cuda12.2
ji-jupyter-158071753754042048-master-0:660578:660578 [1] NCCL INFO cudaDriverVersion 12080
ji-jupyter-158071753754042048-master-0:660580:660580 [3] NCCL INFO NCCL version 2.26.2+cuda12.2
ji-jupyter-158071753754042048-master-0:660578:660578 [1] NCCL INFO NCCL_SOCKET_IFNAME set by environment to eth0
ji-jupyter-158071753754042048-master-0:660578:660578 [1] NCCL INFO Bootstrap: Using eth0:172.20.8.165<0>
ji-jupyter-158071753754042048-master-0:660579:660579 [2] NCCL INFO Comm config Blocking set to 1
ji-jupyter-158071753754042048-master-0:660578:660578 [1] NCCL INFO NCCL version 2.26.2+cuda12.2
ji-jupyter-158071753754042048-master-0:660580:660580 [3] NCCL INFO Comm config Blocking set to 1
ji-jupyter-158071753754042048-master-0:660578:660578 [1] NCCL INFO Comm config Blocking set to 1
ji-jupyter-158071753754042048-master-0:660577:660994 [0] NCCL INFO NET/Plugin: Could not find: libnccl-net.so. Using internal net plugin.
ji-jupyter-158071753754042048-master-0:660577:660994 [0] NCCL INFO Failed to open libibverbs.so[.1]
ji-jupyter-158071753754042048-master-0:660577:660994 [0] NCCL INFO NCCL_SOCKET_IFNAME set by environment to eth0
ji-jupyter-158071753754042048-master-0:660577:660994 [0] NCCL INFO NET/Socket : Using [0]eth0:172.20.8.165<0>
ji-jupyter-158071753754042048-master-0:660577:660994 [0] NCCL INFO PROFILER/Plugin: Could not find: libnccl-profiler.so. 
ji-jupyter-158071753754042048-master-0:660577:660994 [0] NCCL INFO Using network Socket
ji-jupyter-158071753754042048-master-0:660577:660994 [0] NCCL INFO ncclCommInitRankConfig comm 0x558a1918ddc0 rank 0 nranks 4 cudaDev 0 nvmlDev 0 busId 10000 commId 0x74d277f70f5b1dd - Init START
ji-jupyter-158071753754042048-master-0:660579:660997 [2] NCCL INFO NET/Plugin: Could not find: libnccl-net.so. Using internal net plugin.
ji-jupyter-158071753754042048-master-0:660579:660997 [2] NCCL INFO Failed to open libibverbs.so[.1]
ji-jupyter-158071753754042048-master-0:660580:660998 [3] NCCL INFO NET/Plugin: Could not find: libnccl-net.so. Using internal net plugin.
ji-jupyter-158071753754042048-master-0:660579:660997 [2] NCCL INFO NCCL_SOCKET_IFNAME set by environment to eth0
ji-jupyter-158071753754042048-master-0:660578:660999 [1] NCCL INFO NET/Plugin: Could not find: libnccl-net.so. Using internal net plugin.
ji-jupyter-158071753754042048-master-0:660579:660997 [2] NCCL INFO NET/Socket : Using [0]eth0:172.20.8.165<0>
ji-jupyter-158071753754042048-master-0:660578:660999 [1] NCCL INFO Failed to open libibverbs.so[.1]
ji-jupyter-158071753754042048-master-0:660580:660998 [3] NCCL INFO Failed to open libibverbs.so[.1]
ji-jupyter-158071753754042048-master-0:660578:660999 [1] NCCL INFO NCCL_SOCKET_IFNAME set by environment to eth0
ji-jupyter-158071753754042048-master-0:660580:660998 [3] NCCL INFO NCCL_SOCKET_IFNAME set by environment to eth0
ji-jupyter-158071753754042048-master-0:660579:660997 [2] NCCL INFO PROFILER/Plugin: Could not find: libnccl-profiler.so. 
ji-jupyter-158071753754042048-master-0:660579:660997 [2] NCCL INFO Using network Socket
ji-jupyter-158071753754042048-master-0:660578:660999 [1] NCCL INFO NET/Socket : Using [0]eth0:172.20.8.165<0>
ji-jupyter-158071753754042048-master-0:660580:660998 [3] NCCL INFO NET/Socket : Using [0]eth0:172.20.8.165<0>
ji-jupyter-158071753754042048-master-0:660580:660998 [3] NCCL INFO PROFILER/Plugin: Could not find: libnccl-profiler.so. 
ji-jupyter-158071753754042048-master-0:660578:660999 [1] NCCL INFO PROFILER/Plugin: Could not find: libnccl-profiler.so. 
ji-jupyter-158071753754042048-master-0:660580:660998 [3] NCCL INFO Using network Socket
ji-jupyter-158071753754042048-master-0:660578:660999 [1] NCCL INFO Using network Socket
ji-jupyter-158071753754042048-master-0:660579:660997 [2] NCCL INFO ncclCommInitRankConfig comm 0x5600dd07a8d0 rank 2 nranks 4 cudaDev 2 nvmlDev 2 busId 49000 commId 0x74d277f70f5b1dd - Init START
ji-jupyter-158071753754042048-master-0:660578:660999 [1] NCCL INFO ncclCommInitRankConfig comm 0x564d087bdb00 rank 1 nranks 4 cudaDev 1 nvmlDev 1 busId 16000 commId 0x74d277f70f5b1dd - Init START
ji-jupyter-158071753754042048-master-0:660580:660998 [3] NCCL INFO ncclCommInitRankConfig comm 0x5652d5450740 rank 3 nranks 4 cudaDev 3 nvmlDev 3 busId ca000 commId 0x74d277f70f5b1dd - Init START
ji-jupyter-158071753754042048-master-0:660578:660999 [1] NCCL INFO RAS client listening socket at ::1<28028>
ji-jupyter-158071753754042048-master-0:660580:660998 [3] NCCL INFO RAS client listening socket at ::1<28028>
ji-jupyter-158071753754042048-master-0:660577:660994 [0] NCCL INFO RAS client listening socket at ::1<28028>
ji-jupyter-158071753754042048-master-0:660579:660997 [2] NCCL INFO RAS client listening socket at ::1<28028>
ji-jupyter-158071753754042048-master-0:660577:660994 [0] NCCL INFO Bootstrap timings total 0.509647 (create 0.000024, send 0.000088, recv 0.505106, ring 0.000061, delay 0.000000)
ji-jupyter-158071753754042048-master-0:660579:660997 [2] NCCL INFO Bootstrap timings total 0.009543 (create 0.000027, send 0.000105, recv 0.007381, ring 0.000046, delay 0.000001)
ji-jupyter-158071753754042048-master-0:660580:660998 [3] NCCL INFO Bootstrap timings total 0.002252 (create 0.000020, send 0.000093, recv 0.000152, ring 0.000052, delay 0.000000)
ji-jupyter-158071753754042048-master-0:660578:660999 [1] NCCL INFO Bootstrap timings total 0.004701 (create 0.000024, send 0.000127, recv 0.000201, ring 0.002159, delay 0.000000)
ji-jupyter-158071753754042048-master-0:660578:660999 [1] NCCL INFO Setting affinity for GPU 1 to ffffffff,00000000,ffffffff
ji-jupyter-158071753754042048-master-0:660579:660997 [2] NCCL INFO Setting affinity for GPU 2 to ffffffff,00000000,ffffffff
ji-jupyter-158071753754042048-master-0:660580:660998 [3] NCCL INFO Setting affinity for GPU 3 to ffffffff,00000000,ffffffff,00000000
ji-jupyter-158071753754042048-master-0:660580:660998 [3] NCCL INFO NVLS multicast support is not available on dev 3
ji-jupyter-158071753754042048-master-0:660577:660994 [0] NCCL INFO Setting affinity for GPU 0 to ffffffff,00000000,ffffffff
ji-jupyter-158071753754042048-master-0:660579:660997 [2] NCCL INFO NVLS multicast support is not available on dev 2
ji-jupyter-158071753754042048-master-0:660578:660999 [1] NCCL INFO NVLS multicast support is not available on dev 1
ji-jupyter-158071753754042048-master-0:660577:660994 [0] NCCL INFO NVLS multicast support is not available on dev 0
ji-jupyter-158071753754042048-master-0:660580:660998 [3] NCCL INFO comm 0x5652d5450740 rank 3 nRanks 4 nNodes 1 localRanks 4 localRank 3 MNNVL 0
ji-jupyter-158071753754042048-master-0:660578:660999 [1] NCCL INFO comm 0x564d087bdb00 rank 1 nRanks 4 nNodes 1 localRanks 4 localRank 1 MNNVL 0
ji-jupyter-158071753754042048-master-0:660577:660994 [0] NCCL INFO comm 0x558a1918ddc0 rank 0 nRanks 4 nNodes 1 localRanks 4 localRank 0 MNNVL 0
ji-jupyter-158071753754042048-master-0:660580:660998 [3] NCCL INFO Trees [0] -1/-1/-1->3->2 [1] -1/-1/-1->3->2 [2] -1/-1/-1->3->2 [3] -1/-1/-1->3->2 [4] -1/-1/-1->3->2 [5] -1/-1/-1->3->2 [6] -1/-1/-1->3->2 [7] -1/-1/-1->3->2 [8] -1/-1/-1->3->2 [9] -1/-1/-1->3->2 [10] -1/-1/-1->3->2 [11] -1/-1/-1->3->2 [12] -1/-1/-1->3->2 [13] -1/-1/-1->3->2 [14] -1/-1/-1->3->2 [15] -1/-1/-1->3->2 [16] -1/-1/-1->3->2 [17] -1/-1/-1->3->2 [18] -1/-1/-1->3->2 [19] -1/-1/-1->3->2 [20] -1/-1/-1->3->2 [21] -1/-1/-1->3->2 [22] -1/-1/-1->3->2 [23] -1/-1/-1->3->2
ji-jupyter-158071753754042048-master-0:660579:660997 [2] NCCL INFO comm 0x5600dd07a8d0 rank 2 nRanks 4 nNodes 1 localRanks 4 localRank 2 MNNVL 0
ji-jupyter-158071753754042048-master-0:660580:660998 [3] NCCL INFO P2P Chunksize set to 524288
ji-jupyter-158071753754042048-master-0:660577:660994 [0] NCCL INFO Channel 00/24 : 0 1 2 3
ji-jupyter-158071753754042048-master-0:660578:660999 [1] NCCL INFO Trees [0] 2/-1/-1->1->0 [1] 2/-1/-1->1->0 [2] 2/-1/-1->1->0 [3] 2/-1/-1->1->0 [4] 2/-1/-1->1->0 [5] 2/-1/-1->1->0 [6] 2/-1/-1->1->0 [7] 2/-1/-1->1->0 [8] 2/-1/-1->1->0 [9] 2/-1/-1->1->0 [10] 2/-1/-1->1->0 [11] 2/-1/-1->1->0 [12] 2/-1/-1->1->0 [13] 2/-1/-1->1->0 [14] 2/-1/-1->1->0 [15] 2/-1/-1->1->0 [16] 2/-1/-1->1->0 [17] 2/-1/-1->1->0 [18] 2/-1/-1->1->0 [19] 2/-1/-1->1->0 [20] 2/-1/-1->1->0 [21] 2/-1/-1->1->0 [22] 2/-1/-1->1->0 [23] 2/-1/-1->1->0
ji-jupyter-158071753754042048-master-0:660577:660994 [0] NCCL INFO Channel 01/24 : 0 1 2 3
ji-jupyter-158071753754042048-master-0:660578:660999 [1] NCCL INFO P2P Chunksize set to 524288
ji-jupyter-158071753754042048-master-0:660579:660997 [2] NCCL INFO Trees [0] 3/-1/-1->2->1 [1] 3/-1/-1->2->1 [2] 3/-1/-1->2->1 [3] 3/-1/-1->2->1 [4] 3/-1/-1->2->1 [5] 3/-1/-1->2->1 [6] 3/-1/-1->2->1 [7] 3/-1/-1->2->1 [8] 3/-1/-1->2->1 [9] 3/-1/-1->2->1 [10] 3/-1/-1->2->1 [11] 3/-1/-1->2->1 [12] 3/-1/-1->2->1 [13] 3/-1/-1->2->1 [14] 3/-1/-1->2->1 [15] 3/-1/-1->2->1 [16] 3/-1/-1->2->1 [17] 3/-1/-1->2->1 [18] 3/-1/-1->2->1 [19] 3/-1/-1->2->1 [20] 3/-1/-1->2->1 [21] 3/-1/-1->2->1 [22] 3/-1/-1->2->1 [23] 3/-1/-1->2->1
ji-jupyter-158071753754042048-master-0:660577:660994 [0] NCCL INFO Channel 02/24 : 0 1 2 3
ji-jupyter-158071753754042048-master-0:660579:660997 [2] NCCL INFO P2P Chunksize set to 524288
ji-jupyter-158071753754042048-master-0:660577:660994 [0] NCCL INFO Channel 03/24 : 0 1 2 3
ji-jupyter-158071753754042048-master-0:660577:660994 [0] NCCL INFO Channel 04/24 : 0 1 2 3
ji-jupyter-158071753754042048-master-0:660577:660994 [0] NCCL INFO Channel 05/24 : 0 1 2 3
ji-jupyter-158071753754042048-master-0:660577:660994 [0] NCCL INFO Channel 06/24 : 0 1 2 3
ji-jupyter-158071753754042048-master-0:660577:660994 [0] NCCL INFO Channel 07/24 : 0 1 2 3
ji-jupyter-158071753754042048-master-0:660577:660994 [0] NCCL INFO Channel 08/24 : 0 1 2 3
ji-jupyter-158071753754042048-master-0:660577:660994 [0] NCCL INFO Channel 09/24 : 0 1 2 3
ji-jupyter-158071753754042048-master-0:660577:660994 [0] NCCL INFO Channel 10/24 : 0 1 2 3
ji-jupyter-158071753754042048-master-0:660577:660994 [0] NCCL INFO Channel 11/24 : 0 1 2 3
ji-jupyter-158071753754042048-master-0:660577:660994 [0] NCCL INFO Channel 12/24 : 0 1 2 3
ji-jupyter-158071753754042048-master-0:660577:660994 [0] NCCL INFO Channel 13/24 : 0 1 2 3
ji-jupyter-158071753754042048-master-0:660577:660994 [0] NCCL INFO Channel 14/24 : 0 1 2 3
ji-jupyter-158071753754042048-master-0:660577:660994 [0] NCCL INFO Channel 15/24 : 0 1 2 3
ji-jupyter-158071753754042048-master-0:660577:660994 [0] NCCL INFO Channel 16/24 : 0 1 2 3
ji-jupyter-158071753754042048-master-0:660577:660994 [0] NCCL INFO Channel 17/24 : 0 1 2 3
ji-jupyter-158071753754042048-master-0:660577:660994 [0] NCCL INFO Channel 18/24 : 0 1 2 3
ji-jupyter-158071753754042048-master-0:660577:660994 [0] NCCL INFO Channel 19/24 : 0 1 2 3
ji-jupyter-158071753754042048-master-0:660577:660994 [0] NCCL INFO Channel 20/24 : 0 1 2 3
ji-jupyter-158071753754042048-master-0:660577:660994 [0] NCCL INFO Channel 21/24 : 0 1 2 3
ji-jupyter-158071753754042048-master-0:660577:660994 [0] NCCL INFO Channel 22/24 : 0 1 2 3
ji-jupyter-158071753754042048-master-0:660577:660994 [0] NCCL INFO Channel 23/24 : 0 1 2 3
ji-jupyter-158071753754042048-master-0:660577:660994 [0] NCCL INFO Trees [0] 1/-1/-1->0->-1 [1] 1/-1/-1->0->-1 [2] 1/-1/-1->0->-1 [3] 1/-1/-1->0->-1 [4] 1/-1/-1->0->-1 [5] 1/-1/-1->0->-1 [6] 1/-1/-1->0->-1 [7] 1/-1/-1->0->-1 [8] 1/-1/-1->0->-1 [9] 1/-1/-1->0->-1 [10] 1/-1/-1->0->-1 [11] 1/-1/-1->0->-1 [12] 1/-1/-1->0->-1 [13] 1/-1/-1->0->-1 [14] 1/-1/-1->0->-1 [15] 1/-1/-1->0->-1 [16] 1/-1/-1->0->-1 [17] 1/-1/-1->0->-1 [18] 1/-1/-1->0->-1 [19] 1/-1/-1->0->-1 [20] 1/-1/-1->0->-1 [21] 1/-1/-1->0->-1 [22] 1/-1/-1->0->-1 [23] 1/-1/-1->0->-1
ji-jupyter-158071753754042048-master-0:660577:660994 [0] NCCL INFO P2P Chunksize set to 524288
ji-jupyter-158071753754042048-master-0:660577:660994 [0] NCCL INFO Check P2P Type intraNodeP2pSupport 1 directMode 0
ji-jupyter-158071753754042048-master-0:660577:661037 [0] NCCL INFO [Proxy Service] Device 0 CPU core 66
ji-jupyter-158071753754042048-master-0:660580:661039 [3] NCCL INFO [Proxy Service] Device 3 CPU core 55
ji-jupyter-158071753754042048-master-0:660577:661038 [0] NCCL INFO [Proxy Service UDS] Device 0 CPU core 3
ji-jupyter-158071753754042048-master-0:660580:661040 [3] NCCL INFO [Proxy Service UDS] Device 3 CPU core 61
ji-jupyter-158071753754042048-master-0:660578:661042 [1] NCCL INFO [Proxy Service UDS] Device 1 CPU core 6
ji-jupyter-158071753754042048-master-0:660579:661044 [2] NCCL INFO [Proxy Service UDS] Device 2 CPU core 72
ji-jupyter-158071753754042048-master-0:660578:661041 [1] NCCL INFO [Proxy Service] Device 1 CPU core 68
ji-jupyter-158071753754042048-master-0:660579:661043 [2] NCCL INFO [Proxy Service] Device 2 CPU core 71
ji-jupyter-158071753754042048-master-0:660577:660994 [0] NCCL INFO threadThresholds 8/8/64 | 32/8/64 | 512 | 512
ji-jupyter-158071753754042048-master-0:660577:660994 [0] NCCL INFO 24 coll channels, 24 collnet channels, 0 nvls channels, 32 p2p channels, 32 p2p channels per peer
ji-jupyter-158071753754042048-master-0:660577:660994 [0] NCCL INFO CC Off, workFifoBytes 1048576
ji-jupyter-158071753754042048-master-0:660580:660998 [3] NCCL INFO threadThresholds 8/8/64 | 32/8/64 | 512 | 512
ji-jupyter-158071753754042048-master-0:660580:660998 [3] NCCL INFO 24 coll channels, 24 collnet channels, 0 nvls channels, 32 p2p channels, 32 p2p channels per peer
ji-jupyter-158071753754042048-master-0:660578:660999 [1] NCCL INFO threadThresholds 8/8/64 | 32/8/64 | 512 | 512
ji-jupyter-158071753754042048-master-0:660578:660999 [1] NCCL INFO 24 coll channels, 24 collnet channels, 0 nvls channels, 32 p2p channels, 32 p2p channels per peer
ji-jupyter-158071753754042048-master-0:660579:660997 [2] NCCL INFO threadThresholds 8/8/64 | 32/8/64 | 512 | 512
ji-jupyter-158071753754042048-master-0:660579:660997 [2] NCCL INFO 24 coll channels, 24 collnet channels, 0 nvls channels, 32 p2p channels, 32 p2p channels per peer
ji-jupyter-158071753754042048-master-0:660580:660998 [3] NCCL INFO TUNER/Plugin: Could not find: libnccl-tuner.so. Using internal tuner plugin.
ji-jupyter-158071753754042048-master-0:660580:660998 [3] NCCL INFO ncclCommInitRankConfig comm 0x5652d5450740 rank 3 nranks 4 cudaDev 3 nvmlDev 3 busId ca000 commId 0x74d277f70f5b1dd - Init COMPLETE
ji-jupyter-158071753754042048-master-0:660580:660998 [3] NCCL INFO Init timings - ncclCommInitRankConfig: rank 3 nranks 4 total 0.75 (kernels 0.60, alloc 0.02, bootstrap 0.00, allgathers 0.01, topo 0.02, graphs 0.00, connections 0.06, rest 0.03)
ji-jupyter-158071753754042048-master-0:660577:660994 [0] NCCL INFO TUNER/Plugin: Could not find: libnccl-tuner.so. Using internal tuner plugin.
ji-jupyter-158071753754042048-master-0:660577:660994 [0] NCCL INFO ncclCommInitRankConfig comm 0x558a1918ddc0 rank 0 nranks 4 cudaDev 0 nvmlDev 0 busId 10000 commId 0x74d277f70f5b1dd - Init COMPLETE
ji-jupyter-158071753754042048-master-0:660577:660994 [0] NCCL INFO Init timings - ncclCommInitRankConfig: rank 0 nranks 4 total 0.77 (kernels 0.12, alloc 0.02, bootstrap 0.51, allgathers 0.01, topo 0.02, graphs 0.00, connections 0.02, rest 0.07)
ji-jupyter-158071753754042048-master-0:660578:660999 [1] NCCL INFO TUNER/Plugin: Could not find: libnccl-tuner.so. Using internal tuner plugin.
ji-jupyter-158071753754042048-master-0:660578:660999 [1] NCCL INFO ncclCommInitRankConfig comm 0x564d087bdb00 rank 1 nranks 4 cudaDev 1 nvmlDev 1 busId 16000 commId 0x74d277f70f5b1dd - Init COMPLETE
ji-jupyter-158071753754042048-master-0:660579:660997 [2] NCCL INFO TUNER/Plugin: Could not find: libnccl-tuner.so. Using internal tuner plugin.
ji-jupyter-158071753754042048-master-0:660578:660999 [1] NCCL INFO Init timings - ncclCommInitRankConfig: rank 1 nranks 4 total 0.75 (kernels 0.60, alloc 0.02, bootstrap 0.01, allgathers 0.00, topo 0.02, graphs 0.00, connections 0.06, rest 0.04)
ji-jupyter-158071753754042048-master-0:660579:660997 [2] NCCL INFO ncclCommInitRankConfig comm 0x5600dd07a8d0 rank 2 nranks 4 cudaDev 2 nvmlDev 2 busId 49000 commId 0x74d277f70f5b1dd - Init COMPLETE
ji-jupyter-158071753754042048-master-0:660579:660997 [2] NCCL INFO Init timings - ncclCommInitRankConfig: rank 2 nranks 4 total 0.75 (kernels 0.60, alloc 0.01, bootstrap 0.01, allgathers 0.01, topo 0.02, graphs 0.00, connections 0.06, rest 0.03)
ji-jupyter-158071753754042048-master-0:660577:661049 [0] NCCL INFO Channel 00/0 : 0[0] -> 1[1] via P2P/CUMEM/read
ji-jupyter-158071753754042048-master-0:660577:661049 [0] NCCL INFO Channel 01/0 : 0[0] -> 1[1] via P2P/CUMEM/read
ji-jupyter-158071753754042048-master-0:660577:661049 [0] NCCL INFO Channel 02/0 : 0[0] -> 1[1] via P2P/CUMEM/read
ji-jupyter-158071753754042048-master-0:660580:661048 [3] NCCL INFO Channel 00/0 : 3[3] -> 0[0] via P2P/CUMEM/read
ji-jupyter-158071753754042048-master-0:660577:661049 [0] NCCL INFO Channel 03/0 : 0[0] -> 1[1] via P2P/CUMEM/read
ji-jupyter-158071753754042048-master-0:660578:661051 [1] NCCL INFO Channel 00/0 : 1[1] -> 2[2] via P2P/CUMEM/read
ji-jupyter-158071753754042048-master-0:660579:661050 [2] NCCL INFO Channel 00/0 : 2[2] -> 3[3] via P2P/CUMEM/read
ji-jupyter-158071753754042048-master-0:660580:661048 [3] NCCL INFO Channel 01/0 : 3[3] -> 0[0] via P2P/CUMEM/read
ji-jupyter-158071753754042048-master-0:660578:661051 [1] NCCL INFO Channel 01/0 : 1[1] -> 2[2] via P2P/CUMEM/read
ji-jupyter-158071753754042048-master-0:660579:661050 [2] NCCL INFO Channel 01/0 : 2[2] -> 3[3] via P2P/CUMEM/read
ji-jupyter-158071753754042048-master-0:660577:661049 [0] NCCL INFO Channel 04/0 : 0[0] -> 1[1] via P2P/CUMEM/read
ji-jupyter-158071753754042048-master-0:660580:661048 [3] NCCL INFO Channel 02/0 : 3[3] -> 0[0] via P2P/CUMEM/read
ji-jupyter-158071753754042048-master-0:660578:661051 [1] NCCL INFO Channel 02/0 : 1[1] -> 2[2] via P2P/CUMEM/read
ji-jupyter-158071753754042048-master-0:660579:661050 [2] NCCL INFO Channel 02/0 : 2[2] -> 3[3] via P2P/CUMEM/read
ji-jupyter-158071753754042048-master-0:660577:661049 [0] NCCL INFO Channel 05/0 : 0[0] -> 1[1] via P2P/CUMEM/read
ji-jupyter-158071753754042048-master-0:660579:661050 [2] NCCL INFO Channel 03/0 : 2[2] -> 3[3] via P2P/CUMEM/read
ji-jupyter-158071753754042048-master-0:660577:661049 [0] NCCL INFO Channel 06/0 : 0[0] -> 1[1] via P2P/CUMEM/read
ji-jupyter-158071753754042048-master-0:660578:661051 [1] NCCL INFO Channel 03/0 : 1[1] -> 2[2] via P2P/CUMEM/read
ji-jupyter-158071753754042048-master-0:660580:661048 [3] NCCL INFO Channel 03/0 : 3[3] -> 0[0] via P2P/CUMEM/read
ji-jupyter-158071753754042048-master-0:660579:661050 [2] NCCL INFO Channel 04/0 : 2[2] -> 3[3] via P2P/CUMEM/read
ji-jupyter-158071753754042048-master-0:660578:661051 [1] NCCL INFO Channel 04/0 : 1[1] -> 2[2] via P2P/CUMEM/read
ji-jupyter-158071753754042048-master-0:660580:661048 [3] NCCL INFO Channel 04/0 : 3[3] -> 0[0] via P2P/CUMEM/read
ji-jupyter-158071753754042048-master-0:660577:661049 [0] NCCL INFO Channel 07/0 : 0[0] -> 1[1] via P2P/CUMEM/read
ji-jupyter-158071753754042048-master-0:660579:661050 [2] NCCL INFO Channel 05/0 : 2[2] -> 3[3] via P2P/CUMEM/read
ji-jupyter-158071753754042048-master-0:660578:661051 [1] NCCL INFO Channel 05/0 : 1[1] -> 2[2] via P2P/CUMEM/read
ji-jupyter-158071753754042048-master-0:660580:661048 [3] NCCL INFO Channel 05/0 : 3[3] -> 0[0] via P2P/CUMEM/read
ji-jupyter-158071753754042048-master-0:660577:661049 [0] NCCL INFO Channel 08/0 : 0[0] -> 1[1] via P2P/CUMEM/read
ji-jupyter-158071753754042048-master-0:660578:661051 [1] NCCL INFO Channel 06/0 : 1[1] -> 2[2] via P2P/CUMEM/read
ji-jupyter-158071753754042048-master-0:660577:661049 [0] NCCL INFO Channel 09/0 : 0[0] -> 1[1] via P2P/CUMEM/read
ji-jupyter-158071753754042048-master-0:660579:661050 [2] NCCL INFO Channel 06/0 : 2[2] -> 3[3] via P2P/CUMEM/read
ji-jupyter-158071753754042048-master-0:660580:661048 [3] NCCL INFO Channel 06/0 : 3[3] -> 0[0] via P2P/CUMEM/read
ji-jupyter-158071753754042048-master-0:660577:661049 [0] NCCL INFO Channel 10/0 : 0[0] -> 1[1] via P2P/CUMEM/read
ji-jupyter-158071753754042048-master-0:660578:661051 [1] NCCL INFO Channel 07/0 : 1[1] -> 2[2] via P2P/CUMEM/read
ji-jupyter-158071753754042048-master-0:660579:661050 [2] NCCL INFO Channel 07/0 : 2[2] -> 3[3] via P2P/CUMEM/read
ji-jupyter-158071753754042048-master-0:660580:661048 [3] NCCL INFO Channel 07/0 : 3[3] -> 0[0] via P2P/CUMEM/read
ji-jupyter-158071753754042048-master-0:660577:661049 [0] NCCL INFO Channel 11/0 : 0[0] -> 1[1] via P2P/CUMEM/read
ji-jupyter-158071753754042048-master-0:660578:661051 [1] NCCL INFO Channel 08/0 : 1[1] -> 2[2] via P2P/CUMEM/read
ji-jupyter-158071753754042048-master-0:660579:661050 [2] NCCL INFO Channel 08/0 : 2[2] -> 3[3] via P2P/CUMEM/read
ji-jupyter-158071753754042048-master-0:660580:661048 [3] NCCL INFO Channel 08/0 : 3[3] -> 0[0] via P2P/CUMEM/read
ji-jupyter-158071753754042048-master-0:660577:661049 [0] NCCL INFO Channel 12/0 : 0[0] -> 1[1] via P2P/CUMEM/read
ji-jupyter-158071753754042048-master-0:660579:661050 [2] NCCL INFO Channel 09/0 : 2[2] -> 3[3] via P2P/CUMEM/read
ji-jupyter-158071753754042048-master-0:660578:661051 [1] NCCL INFO Channel 09/0 : 1[1] -> 2[2] via P2P/CUMEM/read
ji-jupyter-158071753754042048-master-0:660580:661048 [3] NCCL INFO Channel 09/0 : 3[3] -> 0[0] via P2P/CUMEM/read
ji-jupyter-158071753754042048-master-0:660577:661049 [0] NCCL INFO Channel 13/0 : 0[0] -> 1[1] via P2P/CUMEM/read
ji-jupyter-158071753754042048-master-0:660579:661050 [2] NCCL INFO Channel 10/0 : 2[2] -> 3[3] via P2P/CUMEM/read
ji-jupyter-158071753754042048-master-0:660578:661051 [1] NCCL INFO Channel 10/0 : 1[1] -> 2[2] via P2P/CUMEM/read
ji-jupyter-158071753754042048-master-0:660580:661048 [3] NCCL INFO Channel 10/0 : 3[3] -> 0[0] via P2P/CUMEM/read
ji-jupyter-158071753754042048-master-0:660579:661050 [2] NCCL INFO Channel 11/0 : 2[2] -> 3[3] via P2P/CUMEM/read
ji-jupyter-158071753754042048-master-0:660577:661049 [0] NCCL INFO Channel 14/0 : 0[0] -> 1[1] via P2P/CUMEM/read
ji-jupyter-158071753754042048-master-0:660578:661051 [1] NCCL INFO Channel 11/0 : 1[1] -> 2[2] via P2P/CUMEM/read
ji-jupyter-158071753754042048-master-0:660579:661050 [2] NCCL INFO Channel 12/0 : 2[2] -> 3[3] via P2P/CUMEM/read
ji-jupyter-158071753754042048-master-0:660577:661049 [0] NCCL INFO Channel 15/0 : 0[0] -> 1[1] via P2P/CUMEM/read
ji-jupyter-158071753754042048-master-0:660580:661048 [3] NCCL INFO Channel 11/0 : 3[3] -> 0[0] via P2P/CUMEM/read
ji-jupyter-158071753754042048-master-0:660578:661051 [1] NCCL INFO Channel 12/0 : 1[1] -> 2[2] via P2P/CUMEM/read
ji-jupyter-158071753754042048-master-0:660579:661050 [2] NCCL INFO Channel 13/0 : 2[2] -> 3[3] via P2P/CUMEM/read
ji-jupyter-158071753754042048-master-0:660577:661049 [0] NCCL INFO Channel 16/0 : 0[0] -> 1[1] via P2P/CUMEM/read
ji-jupyter-158071753754042048-master-0:660580:661048 [3] NCCL INFO Channel 12/0 : 3[3] -> 0[0] via P2P/CUMEM/read
ji-jupyter-158071753754042048-master-0:660579:661050 [2] NCCL INFO Channel 14/0 : 2[2] -> 3[3] via P2P/CUMEM/read
ji-jupyter-158071753754042048-master-0:660578:661051 [1] NCCL INFO Channel 13/0 : 1[1] -> 2[2] via P2P/CUMEM/read
ji-jupyter-158071753754042048-master-0:660577:661049 [0] NCCL INFO Channel 17/0 : 0[0] -> 1[1] via P2P/CUMEM/read
ji-jupyter-158071753754042048-master-0:660579:661050 [2] NCCL INFO Channel 15/0 : 2[2] -> 3[3] via P2P/CUMEM/read
ji-jupyter-158071753754042048-master-0:660580:661048 [3] NCCL INFO Channel 13/0 : 3[3] -> 0[0] via P2P/CUMEM/read
ji-jupyter-158071753754042048-master-0:660578:661051 [1] NCCL INFO Channel 14/0 : 1[1] -> 2[2] via P2P/CUMEM/read
ji-jupyter-158071753754042048-master-0:660579:661050 [2] NCCL INFO Channel 16/0 : 2[2] -> 3[3] via P2P/CUMEM/read
ji-jupyter-158071753754042048-master-0:660577:661049 [0] NCCL INFO Channel 18/0 : 0[0] -> 1[1] via P2P/CUMEM/read
ji-jupyter-158071753754042048-master-0:660580:661048 [3] NCCL INFO Channel 14/0 : 3[3] -> 0[0] via P2P/CUMEM/read
ji-jupyter-158071753754042048-master-0:660578:661051 [1] NCCL INFO Channel 15/0 : 1[1] -> 2[2] via P2P/CUMEM/read
ji-jupyter-158071753754042048-master-0:660579:661050 [2] NCCL INFO Channel 17/0 : 2[2] -> 3[3] via P2P/CUMEM/read
ji-jupyter-158071753754042048-master-0:660577:661049 [0] NCCL INFO Channel 19/0 : 0[0] -> 1[1] via P2P/CUMEM/read
ji-jupyter-158071753754042048-master-0:660580:661048 [3] NCCL INFO Channel 15/0 : 3[3] -> 0[0] via P2P/CUMEM/read
ji-jupyter-158071753754042048-master-0:660578:661051 [1] NCCL INFO Channel 16/0 : 1[1] -> 2[2] via P2P/CUMEM/read
ji-jupyter-158071753754042048-master-0:660579:661050 [2] NCCL INFO Channel 18/0 : 2[2] -> 3[3] via P2P/CUMEM/read
ji-jupyter-158071753754042048-master-0:660577:661049 [0] NCCL INFO Channel 20/0 : 0[0] -> 1[1] via P2P/CUMEM/read
ji-jupyter-158071753754042048-master-0:660580:661048 [3] NCCL INFO Channel 16/0 : 3[3] -> 0[0] via P2P/CUMEM/read
ji-jupyter-158071753754042048-master-0:660579:661050 [2] NCCL INFO Channel 19/0 : 2[2] -> 3[3] via P2P/CUMEM/read
ji-jupyter-158071753754042048-master-0:660578:661051 [1] NCCL INFO Channel 17/0 : 1[1] -> 2[2] via P2P/CUMEM/read
ji-jupyter-158071753754042048-master-0:660577:661049 [0] NCCL INFO Channel 21/0 : 0[0] -> 1[1] via P2P/CUMEM/read
ji-jupyter-158071753754042048-master-0:660579:661050 [2] NCCL INFO Channel 20/0 : 2[2] -> 3[3] via P2P/CUMEM/read
ji-jupyter-158071753754042048-master-0:660578:661051 [1] NCCL INFO Channel 18/0 : 1[1] -> 2[2] via P2P/CUMEM/read
ji-jupyter-158071753754042048-master-0:660580:661048 [3] NCCL INFO Channel 17/0 : 3[3] -> 0[0] via P2P/CUMEM/read
ji-jupyter-158071753754042048-master-0:660577:661049 [0] NCCL INFO Channel 22/0 : 0[0] -> 1[1] via P2P/CUMEM/read
ji-jupyter-158071753754042048-master-0:660579:661050 [2] NCCL INFO Channel 21/0 : 2[2] -> 3[3] via P2P/CUMEM/read
ji-jupyter-158071753754042048-master-0:660578:661051 [1] NCCL INFO Channel 19/0 : 1[1] -> 2[2] via P2P/CUMEM/read
ji-jupyter-158071753754042048-master-0:660577:661049 [0] NCCL INFO Channel 23/0 : 0[0] -> 1[1] via P2P/CUMEM/read
ji-jupyter-158071753754042048-master-0:660580:661048 [3] NCCL INFO Channel 18/0 : 3[3] -> 0[0] via P2P/CUMEM/read
ji-jupyter-158071753754042048-master-0:660579:661050 [2] NCCL INFO Channel 22/0 : 2[2] -> 3[3] via P2P/CUMEM/read
ji-jupyter-158071753754042048-master-0:660578:661051 [1] NCCL INFO Channel 20/0 : 1[1] -> 2[2] via P2P/CUMEM/read
ji-jupyter-158071753754042048-master-0:660580:661048 [3] NCCL INFO Channel 19/0 : 3[3] -> 0[0] via P2P/CUMEM/read
ji-jupyter-158071753754042048-master-0:660579:661050 [2] NCCL INFO Channel 23/0 : 2[2] -> 3[3] via P2P/CUMEM/read
ji-jupyter-158071753754042048-master-0:660578:661051 [1] NCCL INFO Channel 21/0 : 1[1] -> 2[2] via P2P/CUMEM/read
ji-jupyter-158071753754042048-master-0:660580:661048 [3] NCCL INFO Channel 20/0 : 3[3] -> 0[0] via P2P/CUMEM/read
ji-jupyter-158071753754042048-master-0:660578:661051 [1] NCCL INFO Channel 22/0 : 1[1] -> 2[2] via P2P/CUMEM/read
ji-jupyter-158071753754042048-master-0:660580:661048 [3] NCCL INFO Channel 21/0 : 3[3] -> 0[0] via P2P/CUMEM/read
ji-jupyter-158071753754042048-master-0:660578:661051 [1] NCCL INFO Channel 23/0 : 1[1] -> 2[2] via P2P/CUMEM/read
ji-jupyter-158071753754042048-master-0:660580:661048 [3] NCCL INFO Channel 22/0 : 3[3] -> 0[0] via P2P/CUMEM/read
ji-jupyter-158071753754042048-master-0:660580:661048 [3] NCCL INFO Channel 23/0 : 3[3] -> 0[0] via P2P/CUMEM/read
ji-jupyter-158071753754042048-master-0:660580:661048 [3] NCCL INFO Connected all rings, use ring PXN 0 GDR 1
ji-jupyter-158071753754042048-master-0:660579:661050 [2] NCCL INFO Connected all rings, use ring PXN 0 GDR 1
ji-jupyter-158071753754042048-master-0:660578:661051 [1] NCCL INFO Connected all rings, use ring PXN 0 GDR 1
ji-jupyter-158071753754042048-master-0:660577:661049 [0] NCCL INFO Connected all rings, use ring PXN 0 GDR 1
06/18 14:21:10 - mmengine - INFO - 
------------------------------------------------------------
System environment:
    sys.platform: linux
    Python: 3.12.13 | packaged by Anaconda, Inc. | (main, Mar 19 2026, 20:20:58) [GCC 14.3.0]
    CUDA available: True
    MUSA available: False
    numpy_random_seed: 701651705
    GPU 0,1,2,3: NVIDIA A100-SXM4-80GB
    CUDA_HOME: /usr/local/cuda-12.1
    NVCC: Cuda compilation tools, release 12.1, V12.1.66
    GCC: gcc (Ubuntu 11.4.0-9ubuntu1) 11.4.0
    PyTorch: 2.7.1+cu126
    PyTorch compiling details: PyTorch built with:
  - GCC 11.2
  - C++ Version: 201703
  - Intel(R) oneAPI Math Kernel Library Version 2024.2-Product Build 20240605 for Intel(R) 64 architecture applications
  - Intel(R) MKL-DNN v3.7.1 (Git Hash 8d263e693366ef8db40acc569cc7d8edf644556d)
  - OpenMP 201511 (a.k.a. OpenMP 4.5)
  - LAPACK is enabled (usually provided by MKL)
  - NNPACK is enabled
  - CPU capability usage: AVX512
  - CUDA Runtime 12.6
  - NVCC architecture flags: -gencode;arch=compute_50,code=sm_50;-gencode;arch=compute_60,code=sm_60;-gencode;arch=compute_70,code=sm_70;-gencode;arch=compute_75,code=sm_75;-gencode;arch=compute_80,code=sm_80;-gencode;arch=compute_86,code=sm_86;-gencode;arch=compute_90,code=sm_90
  - CuDNN 90.5.1
  - Magma 2.6.1
  - Build settings: BLAS_INFO=mkl, BUILD_TYPE=Release, COMMIT_SHA=e2d141dbde55c2a4370fac5165b0561b6af4798b, CUDA_VERSION=12.6, CUDNN_VERSION=9.5.1, CXX_COMPILER=/opt/rh/gcc-toolset-11/root/usr/bin/c++, CXX_FLAGS= -D_GLIBCXX_USE_CXX11_ABI=1 -fvisibility-inlines-hidden -DUSE_PTHREADPOOL -DNDEBUG -DUSE_KINETO -DLIBKINETO_NOROCTRACER -DLIBKINETO_NOXPUPTI=ON -DUSE_FBGEMM -DUSE_PYTORCH_QNNPACK -DUSE_XNNPACK -DSYMBOLICATE_MOBILE_DEBUG_HANDLE -O2 -fPIC -Wall -Wextra -Werror=return-type -Werror=non-virtual-dtor -Werror=range-loop-construct -Werror=bool-operation -Wnarrowing -Wno-missing-field-initializers -Wno-unknown-pragmas -Wno-unused-parameter -Wno-strict-overflow -Wno-strict-aliasing -Wno-stringop-overflow -Wsuggest-override -Wno-psabi -Wno-error=old-style-cast -fdiagnostics-color=always -faligned-new -Wno-maybe-uninitialized -fno-math-errno -fno-trapping-math -Werror=format -Wno-stringop-overflow, LAPACK_INFO=mkl, PERF_WITH_AVX=1, PERF_WITH_AVX2=1, TORCH_VERSION=2.7.1, USE_CUDA=ON, USE_CUDNN=ON, USE_CUSPARSELT=1, USE_GFLAGS=OFF, USE_GLOG=OFF, USE_GLOO=ON, USE_MKL=ON, USE_MKLDNN=ON, USE_MPI=OFF, USE_NCCL=1, USE_NNPACK=ON, USE_OPENMP=ON, USE_ROCM=OFF, USE_ROCM_KERNEL_ASSERT=OFF, 

    TorchVision: 0.22.1+cu126
    OpenCV: 4.13.0
    MMEngine: 0.10.7

Runtime environment:
    cudnn_benchmark: True
    mp_cfg: {'mp_start_method': 'fork', 'opencv_num_threads': 0}
    dist_cfg: {'backend': 'nccl'}
    seed: 701651705
    Distributed launcher: pytorch
    Distributed training: True
    GPU number: 4
------------------------------------------------------------

06/18 14:21:10 - mmengine - INFO - Config:
DATA_ROOT = '/mnt/ht2-nas2/00-model/00-jiangzf/label20000/Segmentation/'
DINO_CKPT = '/mnt/ht2-nas2/00-model/00-fb/mmseg_data/weights/dinov3_vitl16_pretrain_sat493m-eadcf0ff.pth'
auto_scale_lr = dict(base_batch_size=16, enable=False)
crop_size = (
    512,
    512,
)
custom_imports = dict(
    allow_failed_imports=False,
    imports=[
        'custom_datasets.customAgri',
        'custom_models.dinov3_backbone_fb',
    ])
data_preprocessor = dict(
    bgr_to_rgb=False,
    mean=None,
    pad_val=0,
    seg_pad_val=255,
    size=(
        512,
        512,
    ),
    std=None,
    test_cfg=dict(size_divisor=32),
    type='SegDataPreProcessor')
data_root = 'data/ade/ADEChallengeData2016'
dataset_type = 'ADE20KDataset'
default_hooks = dict(
    checkpoint=dict(
        by_epoch=False,
        interval=2000,
        max_keep_ckpts=1,
        save_best='mIoU',
        type='CheckpointHook'),
    logger=dict(interval=100, log_metric_by_epoch=False, type='LoggerHook'),
    param_scheduler=dict(type='ParamSchedulerHook'),
    sampler_seed=dict(type='DistSamplerSeedHook'),
    timer=dict(type='IterTimerHook'),
    visualization=dict(type='SegVisualizationHook'))
default_scope = 'mmseg'
embed_multi = dict(decay_mult=0.0, lr_mult=1.0)
env_cfg = dict(
    cudnn_benchmark=True,
    dist_cfg=dict(backend='nccl'),
    mp_cfg=dict(mp_start_method='fork', opencv_num_threads=0))
find_unused_parameters = True
img_ratios = [
    0.5,
    0.75,
    1.0,
    1.25,
    1.5,
    1.75,
]
img_size = 512
launcher = 'pytorch'
load_from = None
log_level = 'INFO'
log_processor = dict(by_epoch=False)
max_iters = 40000
model = dict(
    backbone=dict(
        arch='vit_large',
        checkpoint=
        '/mnt/ht2-nas2/00-model/00-fb/mmseg_data/weights/dinov3_vitl16_pretrain_sat493m-eadcf0ff.pth',
        finetune_vit=True,
        freeze_backbone=False,
        patch_size=16,
        type='DINOv3BackboneMmseg_fb'),
    data_preprocessor=dict(
        bgr_to_rgb=False,
        mean=None,
        pad_val=0,
        seg_pad_val=255,
        size=(
            512,
            512,
        ),
        std=None,
        test_cfg=dict(size_divisor=32),
        type='SegDataPreProcessor'),
    decode_head=dict(
        align_corners=False,
        enforce_decoder_input_project=False,
        feat_channels=256,
        in_channels=[
            1024,
            1024,
            1024,
            1024,
        ],
        loss_cls=dict(
            class_weight=[
                1.0,
                2.0,
                0.1,
            ],
            loss_weight=2.0,
            reduction='mean',
            type='mmdet.CrossEntropyLoss',
            use_sigmoid=False),
        loss_dice=dict(
            activate=True,
            eps=1.0,
            loss_weight=5.0,
            naive_dice=True,
            reduction='mean',
            type='mmdet.DiceLoss',
            use_sigmoid=True),
        loss_mask=dict(
            loss_weight=5.0,
            reduction='mean',
            type='mmdet.CrossEntropyLoss',
            use_sigmoid=True),
        num_classes=2,
        num_queries=50,
        num_transformer_feat_level=3,
        out_channels=256,
        pixel_decoder=dict(
            act_cfg=dict(type='ReLU'),
            encoder=dict(
                init_cfg=None,
                layer_cfg=dict(
                    ffn_cfg=dict(
                        act_cfg=dict(inplace=True, type='ReLU'),
                        embed_dims=256,
                        feedforward_channels=1024,
                        ffn_drop=0.0,
                        num_fcs=2),
                    self_attn_cfg=dict(
                        batch_first=True,
                        dropout=0.0,
                        embed_dims=256,
                        im2col_step=64,
                        init_cfg=None,
                        norm_cfg=None,
                        num_heads=8,
                        num_levels=3,
                        num_points=4)),
                num_layers=6),
            init_cfg=None,
            norm_cfg=dict(num_groups=32, type='GN'),
            num_outs=3,
            positional_encoding=dict(normalize=True, num_feats=128),
            type='mmdet.MSDeformAttnPixelDecoder'),
        positional_encoding=dict(normalize=True, num_feats=128),
        strides=[
            4,
            8,
            16,
            32,
        ],
        train_cfg=dict(
            assigner=dict(
                match_costs=[
                    dict(type='mmdet.ClassificationCost', weight=2.0),
                    dict(
